// Jest Snapshot v1, https://goo.gl/fbAQLP

exports[`Migrate all legacy imports from the icon pack and the angular components Should migrate all legacy imports from the icon pack and the angular components 1`] = `
"import { DtIconRegistry } from '@dynatrace/barista-icons';
import * as IconPack from '@dynatrace/barista-icons';

import { DtIcon } from '@dynatrace/angular-components/icon';

import { DtButtonModule } from '@dynatrace/angular-components/button';
"
`;
